Copyright 1986-2018 Xilinx, Inc. All Rights Reserved.
-------------------------------------------------------------------------------------
| Tool Version : Vivado v.2018.3 (win64) Build 2405991 Thu Dec  6 23:38:27 MST 2018
| Date         : Mon Nov 15 22:03:43 2021
| Host         : DESKTOP-1TCF4DO running 64-bit major release  (build 9200)
| Command      : report_control_sets -verbose -file loopback_control_sets_placed.rpt
| Design       : loopback
| Device       : xc7k325t
-------------------------------------------------------------------------------------

Control Set Information

Table of Contents
-----------------
1. Summary
2. Histogram
3. Flip-Flop Distribution
4. Detailed Control Set Information

1. Summary
----------

+----------------------------------------------------------+-------+
|                          Status                          | Count |
+----------------------------------------------------------+-------+
| Number of unique control sets                            |   125 |
| Unused register locations in slices containing registers |   394 |
+----------------------------------------------------------+-------+


2. Histogram
------------

+--------+--------------+
| Fanout | Control Sets |
+--------+--------------+
|      1 |           13 |
|      2 |           10 |
|      3 |           10 |
|      4 |           14 |
|      6 |            3 |
|      7 |            5 |
|      8 |            5 |
|      9 |            1 |
|     10 |            2 |
|     11 |            1 |
|     12 |            6 |
|     15 |            1 |
|    16+ |           54 |
+--------+--------------+


3. Flip-Flop Distribution
-------------------------

+--------------+-----------------------+------------------------+-----------------+--------------+
| Clock Enable | Synchronous Set/Reset | Asynchronous Set/Reset | Total Registers | Total Slices |
+--------------+-----------------------+------------------------+-----------------+--------------+
| No           | No                    | No                     |            1045 |          243 |
| No           | No                    | Yes                    |             222 |           68 |
| No           | Yes                   | No                     |             313 |           94 |
| Yes          | No                    | No                     |             533 |          132 |
| Yes          | No                    | Yes                    |              82 |           18 |
| Yes          | Yes                   | No                     |             291 |           68 |
+--------------+-----------------------+------------------------+-----------------+--------------+


4. Detailed Control Set Information
-----------------------------------

+------------------------------------------+----------------------------------------------------------------------------------------------------------------------------------------------------------------------------------------------------------------------------------------------------------+-----------------------------------------------------------------------------------------------------------------------------------------------------------------------------------------------------------------------------------------+------------------+----------------+
|               Clock Signal               |                                                                                                                       Enable Signal                                                                                                                      |                                                                                                             Set/Reset Signal                                                                                                            | Slice Load Count | Bel Load Count |
+------------------------------------------+----------------------------------------------------------------------------------------------------------------------------------------------------------------------------------------------------------------------------------------------------------+-----------------------------------------------------------------------------------------------------------------------------------------------------------------------------------------------------------------------------------------+------------------+----------------+
|  u1_sys_ctrl/uut_clk_wiz_0/inst/clk_out4 | u3_usb_controller/uut_ila/inst/ila_core_inst/u_ila_cap_ctrl/u_cap_addrgen/u_cap_window_counter/U_WHCMPCE/wcnt_hcmp_ce                                                                                                                                    | u3_usb_controller/uut_ila/inst/ila_core_inst/u_ila_cap_ctrl/u_cap_addrgen/U_CMPRESET/cmp_reset                                                                                                                                          |                1 |              1 |
|  dbg_hub/inst/BSCANID.u_xsdbm_id/itck_i  | dbg_hub/inst/BSCANID.u_xsdbm_id/SWITCH_N_EXT_BSCAN.bscan_switch/temp_curid[28]_i_1_n_0                                                                                                                                                                   |                                                                                                                                                                                                                                         |                1 |              1 |
|  dbg_hub/inst/BSCANID.u_xsdbm_id/itck_i  |                                                                                                                                                                                                                                                          | dbg_hub/inst/BSCANID.u_xsdbm_id/SWITCH_N_EXT_BSCAN.bscan_inst/s_bscan_reset                                                                                                                                                             |                1 |              1 |
|  u1_sys_ctrl/uut_clk_wiz_0/inst/clk_out4 |                                                                                                                                                                                                                                                          | dbg_hub/inst/BSCANID.u_xsdbm_id/CORE_XSDB.UUT_MASTER/U_XSDB_BUS_CONTROLLER/clr_rd_req                                                                                                                                                   |                1 |              1 |
|  u1_sys_ctrl/uut_clk_wiz_0/inst/clk_out4 | u3_usb_controller/uut_ila/inst/ila_core_inst/u_ila_cap_ctrl/u_cap_addrgen/u_cap_window_counter/U_WLCMPCE/wcnt_lcmp_ce                                                                                                                                    | u3_usb_controller/uut_ila/inst/ila_core_inst/u_ila_cap_ctrl/u_cap_addrgen/U_CMPRESET/cmp_reset                                                                                                                                          |                1 |              1 |
|  u1_sys_ctrl/uut_clk_wiz_0/inst/clk_out4 |                                                                                                                                                                                                                                                          | dbg_hub/inst/BSCANID.u_xsdbm_id/CORE_XSDB.UUT_MASTER/U_XSDB_BUS_CONTROLLER/clr_abort_rd                                                                                                                                                 |                1 |              1 |
|  dbg_hub/inst/BSCANID.u_xsdbm_id/itck_i  |                                                                                                                                                                                                                                                          | dbg_hub/inst/BSCANID.u_xsdbm_id/CORE_XSDB.UUT_MASTER/U_ICON_INTERFACE/U_CMD6_WR/U_WR_FIFO/SUBCORE_FIFO.xsdbm_v3_0_0_wrfifo_inst/inst_fifo_gen/gconvfifo.rf/grf.rf/rstblk/rst_wr_reg2                                                    |                1 |              1 |
|  u1_sys_ctrl/uut_clk_wiz_0/inst/clk_out4 | u3_usb_controller/uut_ila/inst/ila_core_inst/u_ila_cap_ctrl/u_cap_addrgen/u_cap_sample_counter/U_SCMPCE/scnt_cmp_ce                                                                                                                                      | u3_usb_controller/uut_ila/inst/ila_core_inst/u_ila_cap_ctrl/u_cap_addrgen/U_CMPRESET/cmp_reset                                                                                                                                          |                1 |              1 |
|  u1_sys_ctrl/uut_clk_wiz_0/inst/clk_out4 |                                                                                                                                                                                                                                                          | dbg_hub/inst/BSCANID.u_xsdbm_id/CORE_XSDB.UUT_MASTER/U_ICON_INTERFACE/U_CMD6_RD/U_RD_FIFO/SUBCORE_FIFO.xsdbm_v3_0_0_rdfifo_inst/inst_fifo_gen/gconvfifo.rf/grf.rf/rstblk/rst_wr_reg2                                                    |                1 |              1 |
|  dbg_hub/inst/BSCANID.u_xsdbm_id/itck_i  |                                                                                                                                                                                                                                                          | dbg_hub/inst/BSCANID.u_xsdbm_id/CORE_XSDB.UUT_MASTER/U_ICON_INTERFACE/U_CMD6_RD/U_RD_FIFO/SUBCORE_FIFO.xsdbm_v3_0_0_rdfifo_inst/inst_fifo_gen/gconvfifo.rf/grf.rf/rstblk/rst_rd_reg2                                                    |                1 |              1 |
|  u1_sys_ctrl/uut_clk_wiz_0/inst/clk_out4 |                                                                                                                                                                                                                                                          | u1_sys_ctrl/sys_rst_n_i_1_n_0                                                                                                                                                                                                           |                1 |              1 |
|  u1_sys_ctrl/uut_clk_wiz_0/inst/clk_out4 |                                                                                                                                                                                                                                                          | dbg_hub/inst/BSCANID.u_xsdbm_id/CORE_XSDB.UUT_MASTER/U_ICON_INTERFACE/U_CMD6_WR/U_WR_FIFO/SUBCORE_FIFO.xsdbm_v3_0_0_wrfifo_inst/inst_fifo_gen/gconvfifo.rf/grf.rf/rstblk/rst_rd_reg2                                                    |                1 |              1 |
|  u1_sys_ctrl/uut_clk_wiz_0/inst/clk_out4 |                                                                                                                                                                                                                                                          | u3_usb_controller/uut_fifo_generator_0/U0/inst_fifo_gen/gconvfifo.rf/gbi.bi/g7ser_birst.rstbt/wr_rst_reg2                                                                                                                               |                1 |              1 |
|  dbg_hub/inst/BSCANID.u_xsdbm_id/itck_i  | dbg_hub/inst/BSCANID.u_xsdbm_id/CORE_XSDB.UUT_MASTER/U_ICON_INTERFACE/U_CMD1/icn_cmd_en_temp                                                                                                                                                             |                                                                                                                                                                                                                                         |                1 |              2 |
|  u1_sys_ctrl/uut_clk_wiz_0/inst/clk_out4 |                                                                                                                                                                                                                                                          | dbg_hub/inst/BSCANID.u_xsdbm_id/CORE_XSDB.UUT_MASTER/U_ICON_INTERFACE/wrdata_rst                                                                                                                                                        |                1 |              2 |
|  dbg_hub/inst/BSCANID.u_xsdbm_id/itck_i  | dbg_hub/inst/BSCANID.u_xsdbm_id/SWITCH_N_EXT_BSCAN.bscan_switch/id_state[1]_i_1_n_0                                                                                                                                                                      | dbg_hub/inst/BSCANID.u_xsdbm_id/SWITCH_N_EXT_BSCAN.bscan_inst/s_bscan_reset                                                                                                                                                             |                1 |              2 |
|  u1_sys_ctrl/uut_clk_wiz_0/inst/clk_out4 |                                                                                                                                                                                                                                                          | dbg_hub/inst/BSCANID.u_xsdbm_id/CORE_XSDB.UUT_MASTER/U_ICON_INTERFACE/rddata_rst                                                                                                                                                        |                1 |              2 |
|  u1_sys_ctrl/uut_clk_wiz_0/inst/clk_out4 |                                                                                                                                                                                                                                                          | u3_usb_controller/uut_ila/inst/ila_core_inst/u_ila_reset_ctrl/Q[2]                                                                                                                                                                      |                1 |              2 |
|  dbg_hub/inst/BSCANID.u_xsdbm_id/itck_i  |                                                                                                                                                                                                                                                          | dbg_hub/inst/BSCANID.u_xsdbm_id/CORE_XSDB.UUT_MASTER/U_ICON_INTERFACE/wrdata_rst                                                                                                                                                        |                1 |              2 |
|  dbg_hub/inst/BSCANID.u_xsdbm_id/itck_i  |                                                                                                                                                                                                                                                          | dbg_hub/inst/BSCANID.u_xsdbm_id/CORE_XSDB.UUT_MASTER/U_ICON_INTERFACE/rddata_rst                                                                                                                                                        |                1 |              2 |
|  u1_sys_ctrl/uut_clk_wiz_0/inst/clk_out4 | dbg_hub/inst/BSCANID.u_xsdbm_id/CORE_XSDB.UUT_MASTER/U_ICON_INTERFACE/U_CMD1/ctl_reg[1]_i_1_n_0                                                                                                                                                          |                                                                                                                                                                                                                                         |                1 |              2 |
|  u1_sys_ctrl/uut_clk_wiz_0/inst/clk_out4 |                                                                                                                                                                                                                                                          | dbg_hub/inst/BSCANID.u_xsdbm_id/CORE_XSDB.UUT_MASTER/U_ICON_INTERFACE/U_CMD6_WR/U_WR_FIFO/SUBCORE_FIFO.xsdbm_v3_0_0_wrfifo_inst/inst_fifo_gen/gconvfifo.rf/grf.rf/rstblk/rd_rst_reg[2]                                                  |                1 |              2 |
|  u1_sys_ctrl/uut_clk_wiz_0/inst/clk_out4 |                                                                                                                                                                                                                                                          | u3_usb_controller/uut_fifo_generator_0/U0/inst_fifo_gen/gconvfifo.rf/gbi.bi/g7ser_birst.rstbt/rd_rst_i                                                                                                                                  |                1 |              2 |
|  dbg_hub/inst/BSCANID.u_xsdbm_id/itck_i  | dbg_hub/inst/BSCANID.u_xsdbm_id/CORE_XSDB.UUT_MASTER/U_ICON_INTERFACE/U_CMD7_CTL/icn_cmd_en_temp                                                                                                                                                         | dbg_hub/inst/BSCANID.u_xsdbm_id/CORE_XSDB.UUT_MASTER/U_ICON_INTERFACE/U_CMD1/ctl_reg[0]                                                                                                                                                 |                1 |              3 |
|  u1_sys_ctrl/uut_clk_wiz_0/inst/clk_out4 |                                                                                                                                                                                                                                                          | dbg_hub/inst/BSCANID.u_xsdbm_id/CORE_XSDB.UUT_MASTER/U_ICON_INTERFACE/U_CMD6_RD/U_RD_FIFO/SUBCORE_FIFO.xsdbm_v3_0_0_rdfifo_inst/inst_fifo_gen/gconvfifo.rf/grf.rf/rstblk/ngwrdrst.grst.g7serrst.gwrrd_rst_sync_stage[2].wrst_inst/AS[0] |                1 |              3 |
|  u1_sys_ctrl/uut_clk_wiz_0/inst/clk_out4 |                                                                                                                                                                                                                                                          | dbg_hub/inst/BSCANID.u_xsdbm_id/CORE_XSDB.UUT_MASTER/U_ICON_INTERFACE/U_CMD6_WR/U_WR_FIFO/SUBCORE_FIFO.xsdbm_v3_0_0_wrfifo_inst/inst_fifo_gen/gconvfifo.rf/grf.rf/rstblk/ngwrdrst.grst.g7serrst.gwrrd_rst_sync_stage[2].rrst_inst/AS[0] |                1 |              3 |
|  u1_sys_ctrl/uut_clk_wiz_0/inst/clk_out4 | dbg_hub/inst/BSCANID.u_xsdbm_id/CORE_XSDB.UUT_MASTER/U_ICON_INTERFACE/U_CMD3/stat_reg_ld_temp_1_reg_n_0                                                                                                                                                  |                                                                                                                                                                                                                                         |                3 |              3 |
|  dbg_hub/inst/BSCANID.u_xsdbm_id/itck_i  |                                                                                                                                                                                                                                                          | dbg_hub/inst/BSCANID.u_xsdbm_id/CORE_XSDB.UUT_MASTER/U_ICON_INTERFACE/U_CMD6_RD/U_RD_FIFO/SUBCORE_FIFO.xsdbm_v3_0_0_rdfifo_inst/inst_fifo_gen/gconvfifo.rf/grf.rf/rstblk/ngwrdrst.grst.g7serrst.gwrrd_rst_sync_stage[2].rrst_inst/AS[0] |                1 |              3 |
|  u1_sys_ctrl/uut_clk_wiz_0/inst/clk_out4 | dbg_hub/inst/BSCANID.u_xsdbm_id/CORE_XSDB.UUT_MASTER/U_ICON_INTERFACE/U_CMD7_STAT/stat_reg_ld_temp_1_reg_n_0                                                                                                                                             |                                                                                                                                                                                                                                         |                3 |              3 |
|  u1_sys_ctrl/uut_clk_wiz_0/inst/clk_out4 | dbg_hub/inst/BSCANID.u_xsdbm_id/CORE_XSDB.UUT_MASTER/U_ICON_INTERFACE/U_CMD7_CTL/ctl_reg[2]_i_1_n_0                                                                                                                                                      | dbg_hub/inst/BSCANID.u_xsdbm_id/CORE_XSDB.UUT_MASTER/U_ICON_INTERFACE/U_CMD1/ctl_reg[0]                                                                                                                                                 |                1 |              3 |
|  dbg_hub/inst/BSCANID.u_xsdbm_id/itck_i  |                                                                                                                                                                                                                                                          | dbg_hub/inst/BSCANID.u_xsdbm_id/CORE_XSDB.UUT_MASTER/U_ICON_INTERFACE/U_CMD6_WR/U_WR_FIFO/SUBCORE_FIFO.xsdbm_v3_0_0_wrfifo_inst/inst_fifo_gen/gconvfifo.rf/grf.rf/rstblk/ngwrdrst.grst.g7serrst.gwrrd_rst_sync_stage[2].wrst_inst/AS[0] |                1 |              3 |
|  dbg_hub/inst/BSCANID.u_xsdbm_id/itck_i  | dbg_hub/inst/BSCANID.u_xsdbm_id/CORE_XSDB.UUT_MASTER/U_ICON_INTERFACE/U_CMD7_STAT/icn_cmd_en_temp                                                                                                                                                        |                                                                                                                                                                                                                                         |                1 |              3 |
|  dbg_hub/inst/BSCANID.u_xsdbm_id/itck_i  | dbg_hub/inst/BSCANID.u_xsdbm_id/CORE_XSDB.UUT_MASTER/U_ICON_INTERFACE/U_CMD3/icn_cmd_en_temp                                                                                                                                                             |                                                                                                                                                                                                                                         |                1 |              3 |
|  dbg_hub/inst/BSCANID.u_xsdbm_id/itck_i  |                                                                                                                                                                                                                                                          | dbg_hub/inst/BSCANID.u_xsdbm_id/CORE_XSDB.U_ICON/U_CMD/SYNC_reg                                                                                                                                                                         |                1 |              4 |
|  dbg_hub/inst/BSCANID.u_xsdbm_id/itck_i  | dbg_hub/inst/BSCANID.u_xsdbm_id/CORE_XSDB.UUT_MASTER/U_ICON_INTERFACE/U_CMD2/icn_cmd_en_temp                                                                                                                                                             |                                                                                                                                                                                                                                         |                1 |              4 |
|  u1_sys_ctrl/uut_clk_wiz_0/inst/clk_out4 |                                                                                                                                                                                                                                                          | u3_usb_controller/uut_ila/inst/ila_core_inst/u_ila_regs/MU_SRL[0].mu_srl_reg/cnt[3]_i_1__0_n_0                                                                                                                                          |                1 |              4 |
|  u1_sys_ctrl/uut_clk_wiz_0/inst/clk_out4 |                                                                                                                                                                                                                                                          | u3_usb_controller/uut_ila/inst/ila_core_inst/u_ila_regs/MU_SRL[2].mu_srl_reg/cnt[3]_i_1__2_n_0                                                                                                                                          |                1 |              4 |
|  u1_sys_ctrl/uut_clk_wiz_0/inst/clk_out4 |                                                                                                                                                                                                                                                          | u3_usb_controller/uut_ila/inst/ila_core_inst/u_ila_regs/TC_SRL[0].tc_srl_reg/cnt[3]_i_1__5_n_0                                                                                                                                          |                1 |              4 |
|  u1_sys_ctrl/uut_clk_wiz_0/inst/clk_out4 |                                                                                                                                                                                                                                                          | u3_usb_controller/uut_ila/inst/ila_core_inst/u_ila_regs/MU_SRL[4].mu_srl_reg/cnt[3]_i_1__4_n_0                                                                                                                                          |                1 |              4 |
|  u1_sys_ctrl/uut_clk_wiz_0/inst/clk_out4 |                                                                                                                                                                                                                                                          | u3_usb_controller/uut_ila/inst/ila_core_inst/u_ila_regs/MU_SRL[1].mu_srl_reg/cnt[3]_i_1__1_n_0                                                                                                                                          |                1 |              4 |
|  dbg_hub/inst/BSCANID.u_xsdbm_id/itck_i  |                                                                                                                                                                                                                                                          | dbg_hub/inst/BSCANID.u_xsdbm_id/CORE_XSDB.UUT_MASTER/U_ICON_INTERFACE/U_CMD5/shift_reg_in_reg[17]_0[0]                                                                                                                                  |                1 |              4 |
|  dbg_hub/inst/BSCANID.u_xsdbm_id/itck_i  |                                                                                                                                                                                                                                                          | dbg_hub/inst/BSCANID.u_xsdbm_id/CORE_XSDB.UUT_MASTER/U_ICON_INTERFACE/U_CMD5/SR[0]                                                                                                                                                      |                1 |              4 |
|  u1_sys_ctrl/uut_clk_wiz_0/inst/clk_out4 |                                                                                                                                                                                                                                                          | u3_usb_controller/uut_ila/inst/ila_core_inst/u_ila_regs/reg_srl_fff/clear                                                                                                                                                               |                1 |              4 |
|  u1_sys_ctrl/uut_clk_wiz_0/inst/clk_out4 |                                                                                                                                                                                                                                                          | u3_usb_controller/uut_ila/inst/ila_core_inst/u_ila_regs/MU_SRL[3].mu_srl_reg/cnt[3]_i_1__3_n_0                                                                                                                                          |                1 |              4 |
|  dbg_hub/inst/BSCANID.u_xsdbm_id/itck_i  |                                                                                                                                                                                                                                                          | dbg_hub/inst/BSCANID.u_xsdbm_id/CORE_XSDB.UUT_MASTER/U_ICON_INTERFACE/icn_cmd_en[3]_i_1_n_0                                                                                                                                             |                1 |              4 |
|  u1_sys_ctrl/uut_clk_wiz_0/inst/clk_out4 | dbg_hub/inst/BSCANID.u_xsdbm_id/CORE_XSDB.UUT_MASTER/U_ICON_INTERFACE/U_CMD2/stat_reg_ld_temp_1                                                                                                                                                          |                                                                                                                                                                                                                                         |                4 |              4 |
|  u1_sys_ctrl/uut_clk_wiz_0/inst/clk_out4 | u3_usb_controller/uut_ila/inst/ila_core_inst/u_ila_regs/p_2_in                                                                                                                                                                                           | u3_usb_controller/uut_ila/inst/ila_core_inst/u_ila_regs/drdyCount[5]_i_1_n_0                                                                                                                                                            |                1 |              4 |
|  dbg_hub/inst/BSCANID.u_xsdbm_id/itck_i  |                                                                                                                                                                                                                                                          | dbg_hub/inst/BSCANID.u_xsdbm_id/CORE_XSDB.U_ICON/U_CMD/SR[0]                                                                                                                                                                            |                1 |              6 |
|  dbg_hub/inst/BSCANID.u_xsdbm_id/itck_i  | dbg_hub/inst/BSCANID.u_xsdbm_id/SWITCH_N_EXT_BSCAN.bscan_inst/s_bscan_sel                                                                                                                                                                                | dbg_hub/inst/BSCANID.u_xsdbm_id/SWITCH_N_EXT_BSCAN.bscan_inst/s_bscan_reset                                                                                                                                                             |                2 |              6 |
|  u1_sys_ctrl/uut_clk_wiz_0/inst/clk_out4 |                                                                                                                                                                                                                                                          | u3_usb_controller/uut_ila/inst/ila_core_inst/u_ila_reset_ctrl/reset_out0_n_0                                                                                                                                                            |                2 |              6 |
|  u1_sys_ctrl/uut_clk_wiz_0/inst/clk_out4 | u3_usb_controller/uut_ila/inst/ila_core_inst/u_ila_regs/drdy_ffa_i_1_n_0                                                                                                                                                                                 | u3_usb_controller/uut_ila/inst/ila_core_inst/u_ila_regs/count1[6]_i_1_n_0                                                                                                                                                               |                2 |              7 |
|  u1_sys_ctrl/uut_clk_wiz_0/inst/clk_out4 | u3_usb_controller/uut_ila/inst/ila_core_inst/u_ila_regs/sel                                                                                                                                                                                              | u3_usb_controller/uut_ila/inst/ila_core_inst/u_ila_regs/count0[6]_i_1_n_0                                                                                                                                                               |                2 |              7 |
|  u1_sys_ctrl/uut_clk_wiz_0/inst/clk_out4 |                                                                                                                                                                                                                                                          | u3_usb_controller/uut_ila/inst/ila_core_inst/u_ila_regs/reg_srl_fff/G_1PIPE_IFACE.s_di_r_reg[15]                                                                                                                                        |                3 |              7 |
|  u1_sys_ctrl/uut_clk_wiz_0/inst/clk_out4 |                                                                                                                                                                                                                                                          | u3_usb_controller/uut_ila/inst/ila_core_inst/u_ila_regs/reg_15/I_EN_CTL_EQ1.U_CTL/SR[0]                                                                                                                                                 |                3 |              7 |
|  dbg_hub/inst/BSCANID.u_xsdbm_id/itck_i  |                                                                                                                                                                                                                                                          | dbg_hub/inst/BSCANID.u_xsdbm_id/CORE_XSDB.UUT_MASTER/U_ICON_INTERFACE/U_STATIC_STATUS/clear                                                                                                                                             |                3 |              7 |
|  u1_sys_ctrl/uut_clk_wiz_0/inst/clk_out4 | dbg_hub/inst/BSCANID.u_xsdbm_id/CORE_XSDB.UUT_MASTER/U_ICON_INTERFACE/U_CMD6_WR/U_WR_FIFO/SUBCORE_FIFO.xsdbm_v3_0_0_wrfifo_inst/inst_fifo_gen/gconvfifo.rf/grf.rf/gntv_or_sync_fifo.gl0.rd/gras.rsts/E[0]                                                | dbg_hub/inst/BSCANID.u_xsdbm_id/CORE_XSDB.UUT_MASTER/U_ICON_INTERFACE/U_CMD6_WR/U_WR_FIFO/SUBCORE_FIFO.xsdbm_v3_0_0_wrfifo_inst/inst_fifo_gen/gconvfifo.rf/grf.rf/rstblk/rd_rst_reg[2]                                                  |                2 |              8 |
|  dbg_hub/inst/BSCANID.u_xsdbm_id/itck_i  | dbg_hub/inst/BSCANID.u_xsdbm_id/CORE_XSDB.UUT_MASTER/U_ICON_INTERFACE/U_CMD6_RD/U_RD_FIFO/SUBCORE_FIFO.xsdbm_v3_0_0_rdfifo_inst/inst_fifo_gen/gconvfifo.rf/grf.rf/gntv_or_sync_fifo.gl0.rd/gr1.gr1_int.rfwft/E[0]                                        | dbg_hub/inst/BSCANID.u_xsdbm_id/CORE_XSDB.UUT_MASTER/U_ICON_INTERFACE/U_CMD6_RD/U_RD_FIFO/SUBCORE_FIFO.xsdbm_v3_0_0_rdfifo_inst/inst_fifo_gen/gconvfifo.rf/grf.rf/rstblk/rd_rst_reg[2]                                                  |                2 |              8 |
|  u1_sys_ctrl/uut_clk_wiz_0/inst/clk_out4 |                                                                                                                                                                                                                                                          | dbg_hub/inst/BSCANID.u_xsdbm_id/CORE_XSDB.UUT_MASTER/U_XSDB_BUS_CONTROLLER/timer_rst                                                                                                                                                    |                2 |              8 |
|  dbg_hub/inst/BSCANID.u_xsdbm_id/itck_i  |                                                                                                                                                                                                                                                          | dbg_hub/inst/BSCANID.u_xsdbm_id/SWITCH_N_EXT_BSCAN.bscan_switch/counter[7]_i_1_n_0                                                                                                                                                      |                3 |              8 |
|  dbg_hub/inst/BSCANID.u_xsdbm_id/itck_i  |                                                                                                                                                                                                                                                          | dbg_hub/inst/BSCANID.u_xsdbm_id/CORE_XSDB.U_ICON/U_SYNC/iSYNC_WORD[6]_i_1_n_0                                                                                                                                                           |                1 |              8 |
|  u1_sys_ctrl/uut_clk_wiz_0/inst/clk_out4 | u3_usb_controller/uut_ila/inst/ila_core_inst/u_ila_regs/clk_lost_cnt[8]_i_2_n_0                                                                                                                                                                          | u3_usb_controller/uut_ila/inst/ila_core_inst/u_ila_regs/clk_lost_cnt[8]_i_1_n_0                                                                                                                                                         |                2 |              9 |
|  dbg_hub/inst/BSCANID.u_xsdbm_id/itck_i  | dbg_hub/inst/BSCANID.u_xsdbm_id/CORE_XSDB.U_ICON/U_CMD/iTARGET_CE                                                                                                                                                                                        | dbg_hub/inst/BSCANID.u_xsdbm_id/CORE_XSDB.U_ICON/U_CMD/iSEL_n                                                                                                                                                                           |                2 |             10 |
|  dbg_hub/inst/BSCANID.u_xsdbm_id/itck_i  |                                                                                                                                                                                                                                                          | dbg_hub/inst/BSCANID.u_xsdbm_id/CORE_XSDB.UUT_MASTER/U_ICON_INTERFACE/U_CMD6_RD/U_RD_FIFO/SUBCORE_FIFO.xsdbm_v3_0_0_rdfifo_inst/inst_fifo_gen/gconvfifo.rf/grf.rf/rstblk/rd_rst_reg[2]                                                  |                2 |             10 |
|  u1_sys_ctrl/uut_clk_wiz_0/inst/clk_out4 |                                                                                                                                                                                                                                                          | u3_usb_controller/uut_ila/inst/ila_core_inst/u_ila_regs/slaveRegDo_mux_2[15]_i_1_n_0                                                                                                                                                    |                4 |             11 |
|  u1_sys_ctrl/uut_clk_wiz_0/inst/clk_out4 | u3_usb_controller/uut_ila/inst/ila_core_inst/xsdb_memory_read_inst/read_addr                                                                                                                                                                             |                                                                                                                                                                                                                                         |                2 |             12 |
|  u1_sys_ctrl/uut_clk_wiz_0/inst/clk_out4 | u3_usb_controller/uut_ila/inst/ila_core_inst/u_ila_cap_ctrl/u_cap_addrgen/u_cap_sample_counter/U_SCE/shift_en_reg                                                                                                                                        | u3_usb_controller/uut_ila/inst/ila_core_inst/u_ila_cap_ctrl/u_cap_addrgen/u_cap_sample_counter/U_SCRST/u_scnt_cmp_q                                                                                                                     |                3 |             12 |
|  u1_sys_ctrl/uut_clk_wiz_0/inst/clk_out4 | u3_usb_controller/uut_ila/inst/ila_core_inst/u_ila_reset_ctrl/reset_out_reg[0]_0[0]                                                                                                                                                                      |                                                                                                                                                                                                                                         |                3 |             12 |
|  u1_sys_ctrl/uut_clk_wiz_0/inst/clk_out4 | dbg_hub/inst/BSCANID.u_xsdbm_id/CORE_XSDB.UUT_MASTER/U_ICON_INTERFACE/U_CMD6_RD/U_RD_FIFO/SUBCORE_FIFO.xsdbm_v3_0_0_rdfifo_inst/inst_fifo_gen/gconvfifo.rf/grf.rf/gntv_or_sync_fifo.gl0.wr/gwas.wsts/E[0]                                                | dbg_hub/inst/BSCANID.u_xsdbm_id/CORE_XSDB.UUT_MASTER/U_ICON_INTERFACE/U_CMD6_RD/U_RD_FIFO/SUBCORE_FIFO.xsdbm_v3_0_0_rdfifo_inst/inst_fifo_gen/gconvfifo.rf/grf.rf/rstblk/wr_rst_reg[1]                                                  |                3 |             12 |
|  dbg_hub/inst/BSCANID.u_xsdbm_id/itck_i  | dbg_hub/inst/BSCANID.u_xsdbm_id/CORE_XSDB.UUT_MASTER/U_ICON_INTERFACE/U_CMD6_WR/U_WR_FIFO/SUBCORE_FIFO.xsdbm_v3_0_0_wrfifo_inst/inst_fifo_gen/gconvfifo.rf/grf.rf/gntv_or_sync_fifo.gl0.wr/gwas.wsts/E[0]                                                | dbg_hub/inst/BSCANID.u_xsdbm_id/CORE_XSDB.UUT_MASTER/U_ICON_INTERFACE/U_CMD6_WR/U_WR_FIFO/SUBCORE_FIFO.xsdbm_v3_0_0_wrfifo_inst/inst_fifo_gen/gconvfifo.rf/grf.rf/rstblk/wr_rst_reg[1]                                                  |                2 |             12 |
|  u1_sys_ctrl/uut_clk_wiz_0/inst/clk_out4 | u3_usb_controller/uut_ila/inst/ila_core_inst/u_ila_cap_ctrl/u_cap_addrgen/u_cap_window_counter/U_WCE/wcnt_ce                                                                                                                                             | u3_usb_controller/uut_ila/inst/ila_core_inst/u_ila_reset_ctrl/Q[0]                                                                                                                                                                      |                3 |             12 |
|  u1_sys_ctrl/uut_clk_wiz_0/inst/clk_out4 |                                                                                                                                                                                                                                                          | dbg_hub/inst/BSCANID.u_xsdbm_id/CORE_XSDB.UUT_MASTER/U_XSDB_BUS_CONTROLLER/sl_iport0_o[0]                                                                                                                                               |                5 |             15 |
|  u1_sys_ctrl/uut_clk_wiz_0/inst/clk_out4 | u3_usb_controller/uut_ila/inst/ila_core_inst/u_ila_regs/reg_84/I_EN_CTL_EQ1.U_CTL/xsdb_reg[15]_i_1__0_n_0                                                                                                                                                |                                                                                                                                                                                                                                         |                3 |             16 |
|  u1_sys_ctrl/uut_clk_wiz_0/inst/clk_out4 | u3_usb_controller/uut_ila/inst/ila_core_inst/u_ila_regs/reg_85/I_EN_CTL_EQ1.U_CTL/xsdb_reg[15]_i_1_n_0                                                                                                                                                   |                                                                                                                                                                                                                                         |                5 |             16 |
|  u1_sys_ctrl/uut_clk_wiz_0/inst/clk_out4 | u3_usb_controller/uut_ila/inst/ila_core_inst/u_ila_regs/reg_80/I_EN_CTL_EQ1.U_CTL/xsdb_reg[15]_i_1__4_n_0                                                                                                                                                |                                                                                                                                                                                                                                         |                5 |             16 |
|  u1_sys_ctrl/uut_clk_wiz_0/inst/clk_out4 |                                                                                                                                                                                                                                                          | u3_usb_controller/uut_ila/inst/ila_core_inst/u_ila_regs/slaveRegDo_mux_3[15]_i_1_n_0                                                                                                                                                    |                7 |             16 |
|  u1_sys_ctrl/uut_clk_wiz_0/inst/clk_out4 | u3_usb_controller/uut_ila/inst/ila_core_inst/u_ila_regs/reg_81/I_EN_CTL_EQ1.U_CTL/xsdb_reg[15]_i_1__3_n_0                                                                                                                                                |                                                                                                                                                                                                                                         |                3 |             16 |
|  u1_sys_ctrl/uut_clk_wiz_0/inst/clk_out4 |                                                                                                                                                                                                                                                          | dbg_hub/inst/BSCANID.u_xsdbm_id/CORE_XSDB.UUT_MASTER/U_ICON_INTERFACE/U_CMD6_WR/U_WR_FIFO/SUBCORE_FIFO.xsdbm_v3_0_0_wrfifo_inst/inst_fifo_gen/gconvfifo.rf/grf.rf/rstblk/rd_rst_reg[1]                                                  |                3 |             16 |
|  dbg_hub/inst/BSCANID.u_xsdbm_id/itck_i  | dbg_hub/inst/BSCANID.u_xsdbm_id/CORE_XSDB.UUT_MASTER/U_ICON_INTERFACE/U_CMD6_RD/U_RD_FIFO/SUBCORE_FIFO.xsdbm_v3_0_0_rdfifo_inst/inst_fifo_gen/gconvfifo.rf/grf.rf/gntv_or_sync_fifo.gl0.rd/gr1.gr1_int.rfwft/E[0]                                        |                                                                                                                                                                                                                                         |                4 |             16 |
|  dbg_hub/inst/BSCANID.u_xsdbm_id/itck_i  | dbg_hub/inst/BSCANID.u_xsdbm_id/CORE_XSDB.UUT_MASTER/U_ICON_INTERFACE/U_CMD6_RD/U_RD_FIFO/SUBCORE_FIFO.xsdbm_v3_0_0_rdfifo_inst/inst_fifo_gen/gconvfifo.rf/grf.rf/gntv_or_sync_fifo.gl0.rd/gr1.gr1_int.rfwft/ngwrdrst.grst.g7serrst.rd_rst_reg_reg[0][0] |                                                                                                                                                                                                                                         |                3 |             16 |
|  u1_sys_ctrl/uut_clk_wiz_0/inst/clk_out4 | u3_usb_controller/uut_ila/inst/ila_core_inst/u_ila_regs/reg_stream_ffd/I_EN_CTL_EQ1.U_CTL/xsdb_reg[15]_i_1__13_n_0                                                                                                                                       |                                                                                                                                                                                                                                         |                2 |             16 |
|  dbg_hub/inst/BSCANID.u_xsdbm_id/itck_i  | dbg_hub/inst/BSCANID.u_xsdbm_id/CORE_XSDB.UUT_MASTER/U_ICON_INTERFACE/U_CMD5/icn_cmd_en_reg[6][0]                                                                                                                                                        | dbg_hub/inst/BSCANID.u_xsdbm_id/CORE_XSDB.UUT_MASTER/U_ICON_INTERFACE/wrdata_rst                                                                                                                                                        |                3 |             16 |
|  u1_sys_ctrl/uut_clk_wiz_0/inst/clk_out4 | u3_usb_controller/uut_ila/inst/ila_core_inst/xsdb_memory_read_inst/E[0]                                                                                                                                                                                  |                                                                                                                                                                                                                                         |                5 |             16 |
|  u1_sys_ctrl/uut_clk_wiz_0/inst/clk_out4 | dbg_hub/inst/BSCANID.u_xsdbm_id/CORE_XSDB.UUT_MASTER/U_ICON_INTERFACE/U_CMD6_WR/U_WR_FIFO/SUBCORE_FIFO.xsdbm_v3_0_0_wrfifo_inst/inst_fifo_gen/gconvfifo.rf/grf.rf/gntv_or_sync_fifo.gl0.rd/gras.rsts/E[0]                                                |                                                                                                                                                                                                                                         |                3 |             16 |
|  dbg_hub/inst/BSCANID.u_xsdbm_id/itck_i  |                                                                                                                                                                                                                                                          | dbg_hub/inst/BSCANID.u_xsdbm_id/CORE_XSDB.UUT_MASTER/U_ICON_INTERFACE/U_CMD6_RD/U_RD_FIFO/SUBCORE_FIFO.xsdbm_v3_0_0_rdfifo_inst/inst_fifo_gen/gconvfifo.rf/grf.rf/rstblk/rd_rst_reg[1]                                                  |                4 |             16 |
|  dbg_hub/inst/BSCANID.u_xsdbm_id/itck_i  | dbg_hub/inst/BSCANID.u_xsdbm_id/CORE_XSDB.UUT_MASTER/U_ICON_INTERFACE/U_CMD5/E[0]                                                                                                                                                                        | dbg_hub/inst/BSCANID.u_xsdbm_id/CORE_XSDB.UUT_MASTER/U_ICON_INTERFACE/rddata_rst                                                                                                                                                        |                4 |             16 |
|  u1_sys_ctrl/uut_clk_wiz_0/inst/clk_out4 | u3_usb_controller/uut_ila/inst/ila_core_inst/u_ila_regs/reg_19/I_EN_CTL_EQ1.U_CTL/xsdb_reg[15]_i_1__6_n_0                                                                                                                                                |                                                                                                                                                                                                                                         |                3 |             16 |
|  u1_sys_ctrl/uut_clk_wiz_0/inst/clk_out4 | u3_usb_controller/uut_ila/inst/ila_core_inst/u_ila_regs/reg_1a/I_EN_CTL_EQ1.U_CTL/xsdb_reg[15]_i_1__5_n_0                                                                                                                                                |                                                                                                                                                                                                                                         |                4 |             16 |
|  u1_sys_ctrl/uut_clk_wiz_0/inst/clk_out4 | u3_usb_controller/uut_ila/inst/ila_core_inst/u_ila_regs/reg_6/I_EN_CTL_EQ1.U_CTL/xsdb_reg[15]_i_1__12_n_0                                                                                                                                                |                                                                                                                                                                                                                                         |                4 |             16 |
|  u1_sys_ctrl/uut_clk_wiz_0/inst/clk_out4 | u3_usb_controller/uut_ila/inst/ila_core_inst/u_ila_regs/reg_7/I_EN_CTL_EQ1.U_CTL/xsdb_reg[15]_i_1__11_n_0                                                                                                                                                |                                                                                                                                                                                                                                         |                6 |             16 |
|  u1_sys_ctrl/uut_clk_wiz_0/inst/clk_out4 | u3_usb_controller/uut_ila/inst/ila_core_inst/u_ila_regs/U_XSDB_SLAVE/reg_test0                                                                                                                                                                           |                                                                                                                                                                                                                                         |                3 |             16 |
|  u1_sys_ctrl/uut_clk_wiz_0/inst/clk_out4 | u3_usb_controller/uut_ila/inst/ila_core_inst/u_ila_regs/reg_15/I_EN_CTL_EQ1.U_CTL/xsdb_reg[15]_i_1__10_n_0                                                                                                                                               |                                                                                                                                                                                                                                         |                5 |             16 |
|  u1_sys_ctrl/uut_clk_wiz_0/inst/clk_out4 | u3_usb_controller/uut_ila/inst/ila_core_inst/u_ila_regs/reg_16/I_EN_CTL_EQ1.U_CTL/xsdb_reg[15]_i_1__9_n_0                                                                                                                                                |                                                                                                                                                                                                                                         |                3 |             16 |
|  u1_sys_ctrl/uut_clk_wiz_0/inst/clk_out4 | u3_usb_controller/uut_ila/inst/ila_core_inst/u_ila_regs/reg_17/I_EN_CTL_EQ1.U_CTL/xsdb_reg[15]_i_1__8_n_0                                                                                                                                                |                                                                                                                                                                                                                                         |                4 |             16 |
|  u1_sys_ctrl/uut_clk_wiz_0/inst/clk_out4 | u3_usb_controller/uut_ila/inst/ila_core_inst/u_ila_regs/reg_18/I_EN_CTL_EQ1.U_CTL/xsdb_reg[15]_i_1__7_n_0                                                                                                                                                |                                                                                                                                                                                                                                         |                3 |             16 |
|  u1_sys_ctrl/uut_clk_wiz_0/inst/clk_out4 | u3_usb_controller/uut_ila/inst/ila_core_inst/u_ila_regs/reg_82/I_EN_CTL_EQ1.U_CTL/xsdb_reg[15]_i_1__2_n_0                                                                                                                                                |                                                                                                                                                                                                                                         |                5 |             16 |
|  u1_sys_ctrl/uut_clk_wiz_0/inst/clk_out4 | u3_usb_controller/uut_ila/inst/ila_core_inst/u_ila_regs/reg_83/I_EN_CTL_EQ1.U_CTL/xsdb_reg[15]_i_1__1_n_0                                                                                                                                                |                                                                                                                                                                                                                                         |                5 |             16 |
|  u1_sys_ctrl/uut_clk_wiz_0/inst/clk_out4 | dbg_hub/inst/BSCANID.u_xsdbm_id/CORE_XSDB.UUT_MASTER/U_XSDB_BUS_CONTROLLER/dec_wdc_r_reg_0                                                                                                                                                               | dbg_hub/inst/BSCANID.u_xsdbm_id/CORE_XSDB.UUT_MASTER/U_ICON_INTERFACE/U_CMD1/ctl_reg[0]                                                                                                                                                 |                5 |             17 |
|  u1_sys_ctrl/uut_clk_wiz_0/inst/clk_out4 | dbg_hub/inst/BSCANID.u_xsdbm_id/CORE_XSDB.UUT_MASTER/U_XSDB_BUS_CONTROLLER/inc_addr_r_reg_0                                                                                                                                                              | dbg_hub/inst/BSCANID.u_xsdbm_id/CORE_XSDB.UUT_MASTER/U_ICON_INTERFACE/U_CMD1/ctl_reg[0]                                                                                                                                                 |                5 |             17 |
|  u1_sys_ctrl/uut_clk_wiz_0/inst/clk_out4 |                                                                                                                                                                                                                                                          | dbg_hub/inst/BSCANID.u_xsdbm_id/CORE_XSDB.UUT_MASTER/U_ICON_INTERFACE/U_CMD6_RD/U_RD_FIFO/SUBCORE_FIFO.xsdbm_v3_0_0_rdfifo_inst/inst_fifo_gen/gconvfifo.rf/grf.rf/rstblk/wr_rst_reg[0]                                                  |                3 |             18 |
|  dbg_hub/inst/BSCANID.u_xsdbm_id/itck_i  | dbg_hub/inst/BSCANID.u_xsdbm_id/CORE_XSDB.UUT_MASTER/U_ICON_INTERFACE/U_CMD5/icn_cmd_en_temp                                                                                                                                                             | dbg_hub/inst/BSCANID.u_xsdbm_id/CORE_XSDB.UUT_MASTER/U_ICON_INTERFACE/U_CMD1/ctl_reg[0]                                                                                                                                                 |                3 |             18 |
|  dbg_hub/inst/BSCANID.u_xsdbm_id/itck_i  |                                                                                                                                                                                                                                                          | dbg_hub/inst/BSCANID.u_xsdbm_id/CORE_XSDB.UUT_MASTER/U_ICON_INTERFACE/U_CMD6_WR/U_WR_FIFO/SUBCORE_FIFO.xsdbm_v3_0_0_wrfifo_inst/inst_fifo_gen/gconvfifo.rf/grf.rf/rstblk/wr_rst_reg[0]                                                  |                3 |             18 |
|  u1_sys_ctrl/uut_clk_wiz_0/inst/clk_out4 | dbg_hub/inst/BSCANID.u_xsdbm_id/CORE_XSDB.UUT_MASTER/U_ICON_INTERFACE/U_CMD5/ctl_reg[17]_i_1_n_0                                                                                                                                                         | dbg_hub/inst/BSCANID.u_xsdbm_id/CORE_XSDB.UUT_MASTER/U_ICON_INTERFACE/U_CMD1/ctl_reg[0]                                                                                                                                                 |                3 |             18 |
|  u1_sys_ctrl/uut_clk_wiz_0/inst/clk_out1 |                                                                                                                                                                                                                                                          | u1_sys_ctrl/sys_rst_n_reg_0                                                                                                                                                                                                             |                6 |             24 |
|  u1_sys_ctrl/uut_clk_wiz_0/inst/clk_out4 | dbg_hub/inst/BSCANID.u_xsdbm_id/CORE_XSDB.UUT_MASTER/U_ICON_INTERFACE/U_CMD6_RD/U_RD_FIFO/SUBCORE_FIFO.xsdbm_v3_0_0_rdfifo_inst/inst_fifo_gen/gconvfifo.rf/grf.rf/gntv_or_sync_fifo.gl0.wr/gwas.wsts/E[0]                                                |                                                                                                                                                                                                                                         |                3 |             24 |
|  dbg_hub/inst/BSCANID.u_xsdbm_id/itck_i  | dbg_hub/inst/BSCANID.u_xsdbm_id/CORE_XSDB.UUT_MASTER/U_ICON_INTERFACE/U_CMD6_WR/U_WR_FIFO/SUBCORE_FIFO.xsdbm_v3_0_0_wrfifo_inst/inst_fifo_gen/gconvfifo.rf/grf.rf/gntv_or_sync_fifo.gl0.wr/gwas.wsts/E[0]                                                |                                                                                                                                                                                                                                         |                3 |             24 |
|  u1_sys_ctrl/uut_clk_wiz_0/inst/clk_out4 | u3_usb_controller/uut_ila/inst/ila_core_inst/u_ila_regs/TC_SRL[0].tc_srl_reg/E[0]                                                                                                                                                                        |                                                                                                                                                                                                                                         |                6 |             25 |
|  u1_sys_ctrl/uut_clk_wiz_0/inst/clk_out4 | u3_usb_controller/uut_ila/inst/ila_core_inst/u_ila_regs/MU_SRL[0].mu_srl_reg/E[0]                                                                                                                                                                        |                                                                                                                                                                                                                                         |                6 |             25 |
|  u1_sys_ctrl/uut_clk_wiz_0/inst/clk_out4 | u3_usb_controller/uut_ila/inst/ila_core_inst/u_ila_regs/MU_SRL[1].mu_srl_reg/E[0]                                                                                                                                                                        |                                                                                                                                                                                                                                         |                7 |             25 |
|  u1_sys_ctrl/uut_clk_wiz_0/inst/clk_out4 |                                                                                                                                                                                                                                                          | dbg_hub/inst/BSCANID.u_xsdbm_id/CORE_XSDB.UUT_MASTER/U_ICON_INTERFACE/U_CMD1/ctl_reg[0]                                                                                                                                                 |               11 |             27 |
|  dbg_hub/inst/BSCANID.u_xsdbm_id/itck_i  | dbg_hub/inst/BSCANID.u_xsdbm_id/CORE_XSDB.UUT_MASTER/U_ICON_INTERFACE/U_CMD4/icn_cmd_en_temp                                                                                                                                                             | dbg_hub/inst/BSCANID.u_xsdbm_id/CORE_XSDB.UUT_MASTER/U_ICON_INTERFACE/U_CMD1/ctl_reg[0]                                                                                                                                                 |                4 |             28 |
|  u1_sys_ctrl/uut_clk_wiz_0/inst/clk_out4 | dbg_hub/inst/BSCANID.u_xsdbm_id/CORE_XSDB.UUT_MASTER/U_ICON_INTERFACE/U_CMD4/ctl_reg[27]_i_1_n_0                                                                                                                                                         | dbg_hub/inst/BSCANID.u_xsdbm_id/CORE_XSDB.UUT_MASTER/U_ICON_INTERFACE/U_CMD1/ctl_reg[0]                                                                                                                                                 |                4 |             28 |
|  dbg_hub/inst/BSCANID.u_xsdbm_id/itck_i  | dbg_hub/inst/BSCANID.u_xsdbm_id/SWITCH_N_EXT_BSCAN.bscan_switch/temp_curid[28]_i_1_n_0                                                                                                                                                                   | dbg_hub/inst/BSCANID.u_xsdbm_id/SWITCH_N_EXT_BSCAN.bscan_switch/temp_curid[31]_i_1_n_0                                                                                                                                                  |                4 |             31 |
|  dbg_hub/inst/BSCANID.u_xsdbm_id/itck_i  | dbg_hub/inst/BSCANID.u_xsdbm_id/SWITCH_N_EXT_BSCAN.bscan_switch/bscanid[31]_i_1_n_0                                                                                                                                                                      | dbg_hub/inst/BSCANID.u_xsdbm_id/SWITCH_N_EXT_BSCAN.bscan_inst/s_bscan_reset                                                                                                                                                             |                8 |             32 |
|  dbg_hub/inst/BSCANID.u_xsdbm_id/itck_i  |                                                                                                                                                                                                                                                          | dbg_hub/inst/BSCANID.u_xsdbm_id/SWITCH_N_EXT_BSCAN.bscan_switch/shiftreg[31]_i_1_n_0                                                                                                                                                    |               12 |             32 |
|  dbg_hub/inst/BSCANID.u_xsdbm_id/itck_i  | dbg_hub/inst/BSCANID.u_xsdbm_id/SWITCH_N_EXT_BSCAN.id_state[1]_i_1_n_0                                                                                                                                                                                   | dbg_hub/inst/BSCANID.u_xsdbm_id/SWITCH_N_EXT_BSCAN.bscan_inst/s_bscan_reset                                                                                                                                                             |               11 |             34 |
|  u1_sys_ctrl/uut_clk_wiz_0/inst/clk_out4 | u3_usb_controller/uut_ila/inst/ila_core_inst/u_ila_regs/U_XSDB_SLAVE/s_den_o                                                                                                                                                                             |                                                                                                                                                                                                                                         |                7 |             36 |
|  u1_sys_ctrl/uut_clk_wiz_0/inst/clk_out4 |                                                                                                                                                                                                                                                          | u3_usb_controller/uut_ila/inst/ila_core_inst/u_ila_reset_ctrl/Q[0]                                                                                                                                                                      |               14 |             40 |
|  u1_sys_ctrl/uut_clk_wiz_0/inst/clk_out4 | u3_usb_controller/uut_ila/inst/ila_core_inst/u_ila_regs/MU_SRL[2].mu_srl_reg/E[0]                                                                                                                                                                        |                                                                                                                                                                                                                                         |                9 |             49 |
|  u1_sys_ctrl/uut_clk_wiz_0/inst/clk_out4 | u3_usb_controller/uut_ila/inst/ila_core_inst/u_ila_regs/MU_SRL[4].mu_srl_reg/E[0]                                                                                                                                                                        |                                                                                                                                                                                                                                         |                9 |             57 |
|  u1_sys_ctrl/uut_clk_wiz_0/inst/clk_out4 | u3_usb_controller/uut_ila/inst/ila_core_inst/u_ila_regs/MU_SRL[3].mu_srl_reg/E[0]                                                                                                                                                                        |                                                                                                                                                                                                                                         |               11 |             57 |
|  dbg_hub/inst/BSCANID.u_xsdbm_id/itck_i  |                                                                                                                                                                                                                                                          |                                                                                                                                                                                                                                         |               25 |             63 |
|  u1_sys_ctrl/uut_clk_wiz_0/inst/clk_out4 |                                                                                                                                                                                                                                                          | u3_usb_controller/uut_fifo_generator_0_i_1_n_0                                                                                                                                                                                          |               20 |             65 |
|  u1_sys_ctrl/uut_clk_wiz_0/inst/clk_out4 |                                                                                                                                                                                                                                                          | u3_usb_controller/uut_ila/inst/ila_core_inst/use_probe_debug_circuit                                                                                                                                                                    |               19 |             91 |
|  u1_sys_ctrl/uut_clk_wiz_0/inst/clk_out4 | u3_usb_controller/uut_ila/inst/ila_core_inst/u_ila_regs/reg_srl_fff/E[0]                                                                                                                                                                                 |                                                                                                                                                                                                                                         |               26 |            103 |
|  u1_sys_ctrl/uut_clk_wiz_0/inst/clk_out4 |                                                                                                                                                                                                                                                          |                                                                                                                                                                                                                                         |              218 |           1093 |
+------------------------------------------+----------------------------------------------------------------------------------------------------------------------------------------------------------------------------------------------------------------------------------------------------------+-----------------------------------------------------------------------------------------------------------------------------------------------------------------------------------------------------------------------------------------+------------------+----------------+


